// Jest Snapshot v1, https://goo.gl/fbAQLP

exports[`fabien renders properly 1`] = `
<div>
  <leftsidenavigation-stub name="getFullName" picture="getPicture" menuitems="[object Object],[object Object],[object Object],[object Object]"></leftsidenavigation-stub>
  <main class="relative h-screen p-4 pt-10 sm:pt-4">
    <section id="$t('identity.url')">
      <h1heading-stub>$t('identity.name')</h1heading-stub>
      <p class="text-justify"><span class="text-lg text-blue-700 italic whitespace-no-wrap">
          39 years
        </span>
        &nbsp;/&nbsp;
        <span class="text-lg text-blue-700 italic whitespace-no-wrap">
          Paris
        </span>
        &nbsp;/&nbsp;
        <span class="text-lg text-blue-700 italic">
          getLastJob
        </span></p>
      <p class="text-justify">
        getPresentation
      </p> <a target="_blank" aria-label="Follow me in LinkedIn" href="http://www.linkedin.com/in/fabiencrassat" rel="noopener noreferrer">
        <linkedinsvgicon-stub></linkedinsvgicon-stub>
      </a> <a target="_blank" aria-label="Follow me in Viadeo" href="http://fr.viadeo.com/fr/profile/fabien.crassat" rel="noopener noreferrer">
        <viadeosvgicon-stub></viadeosvgicon-stub>
      </a> <a target="_blank" aria-label="Follow me in Monster" href="http://beknown.com/fabien-crassat" rel="noopener noreferrer">
        <monsterinsvgicon-stub></monsterinsvgicon-stub>
      </a> <a target="_blank" aria-label="Follow me in Twitter" href="https://twitter.com/fabiencrassat" rel="noopener noreferrer">
        <twittersvgicon-stub></twittersvgicon-stub>
      </a> <a target="_blank" aria-label="Follow me in Facebook" href="https://www.facebook.com/fabien.crassat" rel="noopener noreferrer">
        <facebooksvgicon-stub></facebooksvgicon-stub>
      </a> <a target="_blank" aria-label="Follow me in Scrum Alliance" href="http://www.scrumalliance.org/community/profile/fcrassat" rel="noopener noreferrer">
        <scrumalliancesvgicon-stub></scrumalliancesvgicon-stub>
      </a> <a target="_blank" aria-label="Follow me in Github" href="https://github.com/fabiencrassat" rel="noopener noreferrer">
        <githubsvgicon-stub></githubsvgicon-stub>
      </a>
    </section>
    <section id="$t('contactMe.url')">
      <h1heading-stub>$t('contactMe.name')</h1heading-stub>
      <p><svg id="Location_pin" xmlns="http://www.w3.org/2000/svg" xmlns:xlink="http://www.w3.org/1999/xlink" version="1.1" x="0px" y="0px" viewBox="0 0 20 20" enable-background="new 0 0 20 20" xml:space="preserve" class="h-5 w-5 inline fill-current text-blue-700">
          <path d="M10,2.009c-2.762,0-5,2.229-5,4.99c0,4.774,5,11,5,11s5-6.227,5-11C15,4.239,12.762,2.009,10,2.009z M10,9.76c-1.492,0-2.7-1.209-2.7-2.7s1.208-2.7,2.7-2.7c1.49,0,2.699,1.209,2.699,2.7S11.49,9.76,10,9.76z"></path>
        </svg> <a href="http://goo.gl/maps/UJrFf" target="_blank" rel="noopener noreferrer">
          Paris, France
        </a></p>
    </section>
    <section id="$t('experiences.url')">
      <h1heading-stub>$t('experiences.name')</h1heading-stub>
      <ul class="flex flex-wrap">
        <li class="flex-grow my-2 sm:m-4 rounded-sm border-2 border-solid border-blue-700">
          <h2><span>job1</span> <span class="whitespace-no-wrap float-right">
              date1
            </span></h2>
          <ul>
            <li>
              missionItem1
            </li>
          </ul>
          <div><a href="siteurl" target="_blank" rel="noopener noreferrer">
              society1, address1
            </a></div>
        </li>
        <li class="flex-grow my-2 sm:m-4 rounded-sm border-2 border-solid border-blue-700">
          <h2><span>job2</span> <span class="whitespace-no-wrap float-right">
              date2
            </span></h2>
          <ul></ul>
          <div>
            <p>society2, address2</p>
          </div>
        </li>
        <li class="flex-grow my-2 sm:m-4 rounded-sm border-2 border-solid border-blue-700">
          <h2><span>job3</span> <span class="whitespace-no-wrap float-right">
              date3
            </span></h2>
          <ul></ul>
          <!---->
        </li>
      </ul>
    </section>
    <section id="$t('skill.url')">
      <h1heading-stub>$t('skill.name')</h1heading-stub>
    </section>
  </main>
</div>
`;
